// Jest Snapshot v1, https://goo.gl/fbAQLP

exports[`compiler: parse Element self closing multiple tag 1`] = `
Object {
  "children": Array [],
  "type": "ROOT",
}
`;

exports[`compiler: parse Element valid html 1`] = `
Object {
  "children": Array [],
  "type": "ROOT",
}
`;
